<html>
<body>
<pre>
<h1>µVision Build Log</h1>
<h2>Tool Versions:</h2>
IDE-Version: µVision V5.36.0.0
Copyright (C) 2021 ARM Ltd and ARM Germany GmbH. All rights reserved.
License Information: ozcan ozcan, ozcan, LIC=----
 
Tool Versions:
Toolchain:       MDK-Lite  Version: 5.36.0.0
Toolchain Path:  C:\Keil_v5\ARM\ARMCC\Bin
C Compiler:      Armcc.exe V5.06 update 7 (build 960)
Assembler:       Armasm.exe V5.06 update 7 (build 960)
Linker/Locator:  ArmLink.exe V5.06 update 7 (build 960)
Library Manager: ArmAr.exe V5.06 update 7 (build 960)
Hex Converter:   FromElf.exe V5.06 update 7 (build 960)
CPU DLL:         SARMCM3.DLL V5.36.0.0
Dialog DLL:      DCM.DLL V1.17.3.0
Target DLL:      STLink\ST-LINKIII-KEIL_SWO.dll V3.0.9.0
Dialog DLL:      TCM.DLL V1.53.0.0
 
<h2>Project:</h2>
C:\Users\ARM\Documents\STM32\STM32_BP\7SEG_2DIG_EXAMPLE\MDK-ARM\7SEG_2DIG_EXAMPLE.uvprojx
Project File Date:  01/17/2022

<h2>Output:</h2>
*** Using Compiler 'V5.06 update 7 (build 960)', folder: 'C:\Keil_v5\ARM\ARMCC\Bin'
Build target '7SEG_2DIG_EXAMPLE'
compiling main.c...
../Core/Src/main.c(99): warning:  #188-D: enumerated type mixed with another type
  	HAL_GPIO_WritePin(GPIOB,GPIO_PIN_13,0);
../Core/Src/main.c(100): warning:  #188-D: enumerated type mixed with another type
  	HAL_GPIO_WritePin(GPIOB,GPIO_PIN_12,1);
../Core/Src/main.c(101): warning:  #188-D: enumerated type mixed with another type
  		HAL_GPIO_WritePin(GPIOB, GPIO_PIN_3, hext[0]);
../Core/Src/main.c(102): warning:  #188-D: enumerated type mixed with another type
  	  HAL_GPIO_WritePin(GPIOB, GPIO_PIN_4, hext[1]);
../Core/Src/main.c(103): warning:  #188-D: enumerated type mixed with another type
  	  HAL_GPIO_WritePin(GPIOB, GPIO_PIN_5, hext[2]);
../Core/Src/main.c(104): warning:  #188-D: enumerated type mixed with another type
  	  HAL_GPIO_WritePin(GPIOB, GPIO_PIN_6, hext[3]);
../Core/Src/main.c(105): warning:  #188-D: enumerated type mixed with another type
  	  HAL_GPIO_WritePin(GPIOB, GPIO_PIN_7, hext[4]);
../Core/Src/main.c(106): warning:  #188-D: enumerated type mixed with another type
  	  HAL_GPIO_WritePin(GPIOB, GPIO_PIN_8, hext[5]);
../Core/Src/main.c(107): warning:  #188-D: enumerated type mixed with another type
  	  HAL_GPIO_WritePin(GPIOB, GPIO_PIN_9, hext[6]);
../Core/Src/main.c(110): warning:  #188-D: enumerated type mixed with another type
  	HAL_GPIO_WritePin(GPIOB,GPIO_PIN_12,0);
../Core/Src/main.c(111): warning:  #188-D: enumerated type mixed with another type
  	HAL_GPIO_WritePin(GPIOB,GPIO_PIN_13,1);
../Core/Src/main.c(112): warning:  #188-D: enumerated type mixed with another type
  		HAL_GPIO_WritePin(GPIOB, GPIO_PIN_3, hexu[0]);
../Core/Src/main.c(113): warning:  #188-D: enumerated type mixed with another type
  	  HAL_GPIO_WritePin(GPIOB, GPIO_PIN_4, hexu[1]);
../Core/Src/main.c(114): warning:  #188-D: enumerated type mixed with another type
  	  HAL_GPIO_WritePin(GPIOB, GPIO_PIN_5, hexu[2]);
../Core/Src/main.c(115): warning:  #188-D: enumerated type mixed with another type
  	  HAL_GPIO_WritePin(GPIOB, GPIO_PIN_6, hexu[3]);
../Core/Src/main.c(116): warning:  #188-D: enumerated type mixed with another type
  	  HAL_GPIO_WritePin(GPIOB, GPIO_PIN_7, hexu[4]);
../Core/Src/main.c(117): warning:  #188-D: enumerated type mixed with another type
  	  HAL_GPIO_WritePin(GPIOB, GPIO_PIN_8, hexu[5]);
../Core/Src/main.c(118): warning:  #188-D: enumerated type mixed with another type
  	  HAL_GPIO_WritePin(GPIOB, GPIO_PIN_9, hexu[6]);
../Core/Src/main.c(164): warning:  #177-D: variable "i"  was declared but never referenced
  		int i,k,adc1,loop;
../Core/Src/main.c: 19 warnings, 0 errors
linking...
Program Size: Code=5180 RO-data=332 RW-data=16 ZI-data=1744  
FromELF: creating hex file...
"7SEG_2DIG_EXAMPLE\7SEG_2DIG_EXAMPLE.axf" - 0 Error(s), 19 Warning(s).

<h2>Software Packages used:</h2>

Package Vendor: ARM
                http://www.keil.com/pack/ARM.CMSIS.5.8.0.pack
                ARM.CMSIS.5.8.0
                CMSIS (Common Microcontroller Software Interface Standard)
   * Component: CORE Version: 5.5.0

Package Vendor: Keil
                http://www.keil.com/pack/Keil.STM32F1xx_DFP.2.4.0.pack
                Keil.STM32F1xx_DFP.2.4.0
                STMicroelectronics STM32F1 Series Device Support, Drivers and Examples

<h2>Collection of Component include folders:</h2>
  .\RTE\_7SEG_2DIG_EXAMPLE
  C:\Users\ARM\AppData\Local\Arm\Packs\ARM\CMSIS\5.8.0\CMSIS\Core\Include
  C:\Users\ARM\AppData\Local\Arm\Packs\Keil\STM32F1xx_DFP\2.4.0\Device\Include

<h2>Collection of Component Files used:</h2>

   * Component: ARM::CMSIS:CORE:5.5.0
      Include file:  CMSIS\Core\Include\tz_context.h
Build Time Elapsed:  00:00:01
</pre>
</body>
</html>
